
[profile B=1 H=4 N=57600 D=128 seed=0]
  benchmark protocol: uniform[-1,1], fp8 groups=2, sdpa groups=1, warmup=20, iters=15, cooldown=0.20s, mode=fwd-only, hbm SOL=4814 GB/s
  quant Q token                  0.0414 ms   3580.7 GB/s   74.4% SOL
  quant K token                  0.0410 ms   3620.2 GB/s   75.2% SOL
  quant V channel                0.1591 ms    927.0 GB/s   19.3% SOL
  fp8 attention fwd            17.4027 ms   390.44 TFLOP/s
  torch sdpa bfloat16 fwd      19.0353 ms   356.96 TFLOP/s
  speedup vs bf16 SDPA: fwd 1.09x

[profile B=2 H=4 N=57600 D=128 seed=0]
  benchmark protocol: uniform[-1,1], fp8 groups=1, sdpa groups=1, warmup=20, iters=15, cooldown=0.20s, mode=fwd-only, hbm SOL=4814 GB/s
  quant Q token                  0.0787 ms   3768.9 GB/s   78.3% SOL
  quant K token                  0.0786 ms   3773.4 GB/s   78.4% SOL
  quant V channel                0.2009 ms   1468.3 GB/s   30.5% SOL
  fp8 attention fwd            33.2919 ms   408.19 TFLOP/s
  torch sdpa bfloat16 fwd      39.3692 ms   345.18 TFLOP/s
  speedup vs bf16 SDPA: fwd 1.18x

[profile B=4 H=4 N=57600 D=128 seed=0]
  benchmark protocol: uniform[-1,1], fp8 groups=1, sdpa groups=1, warmup=20, iters=15, cooldown=0.20s, mode=fwd-only, hbm SOL=4814 GB/s
  quant Q token                  0.1539 ms   3856.7 GB/s   80.1% SOL
  quant K token                  0.1536 ms   3864.0 GB/s   80.3% SOL
  quant V channel                0.3786 ms   1558.1 GB/s   32.4% SOL
  fp8 attention fwd            65.8576 ms   412.70 TFLOP/s
  torch sdpa bfloat16 fwd      76.9168 ms   353.36 TFLOP/s
  speedup vs bf16 SDPA: fwd 1.17x

[profile B=8 H=2 N=57600 D=128 seed=0]
  benchmark protocol: uniform[-1,1], fp8 groups=1, sdpa groups=1, warmup=20, iters=15, cooldown=0.20s, mode=fwd-only, hbm SOL=4814 GB/s
  quant Q token                  0.1539 ms   3856.0 GB/s   80.1% SOL
  quant K token                  0.1536 ms   3863.0 GB/s   80.2% SOL
  quant V channel                0.3785 ms   1558.5 GB/s   32.4% SOL
  fp8 attention fwd            65.9308 ms   412.24 TFLOP/s
  torch sdpa bfloat16 fwd      77.0667 ms   352.67 TFLOP/s
  speedup vs bf16 SDPA: fwd 1.17x

[profile B=1 H=2 N=71808 D=128 seed=0]
  benchmark protocol: uniform[-1,1], fp8 groups=2, sdpa groups=2, warmup=20, iters=15, cooldown=0.20s, mode=fwd-only, hbm SOL=4814 GB/s
  quant Q token                  0.0270 ms   3420.2 GB/s   71.0% SOL
  quant K token                  0.0270 ms   3421.0 GB/s   71.1% SOL
  quant V channel                0.1477 ms    622.3 GB/s   12.9% SOL
  fp8 attention fwd            13.3100 ms   396.70 TFLOP/s
  torch sdpa bfloat16 fwd      15.4012 ms   342.84 TFLOP/s
  speedup vs bf16 SDPA: fwd 1.16x

[profile B=2 H=2 N=71808 D=128 seed=0]
  benchmark protocol: uniform[-1,1], fp8 groups=1, sdpa groups=1, warmup=20, iters=15, cooldown=0.20s, mode=fwd-only, hbm SOL=4814 GB/s
  quant Q token                  0.0503 ms   3674.5 GB/s   76.3% SOL
  quant K token                  0.0504 ms   3667.9 GB/s   76.2% SOL
  quant V channel                0.1653 ms   1112.4 GB/s   23.1% SOL
  fp8 attention fwd            26.3054 ms   401.45 TFLOP/s
  torch sdpa bfloat16 fwd      30.5115 ms   346.11 TFLOP/s
  speedup vs bf16 SDPA: fwd 1.16x

[profile B=4 H=2 N=71808 D=128 seed=0]
  benchmark protocol: uniform[-1,1], fp8 groups=1, sdpa groups=1, warmup=20, iters=15, cooldown=0.20s, mode=fwd-only, hbm SOL=4814 GB/s
  quant Q token                  0.0975 ms   3794.8 GB/s   78.8% SOL
  quant K token                  0.0972 ms   3804.9 GB/s   79.0% SOL
  quant V channel                0.3222 ms   1141.2 GB/s   23.7% SOL
  fp8 attention fwd            51.2634 ms   412.00 TFLOP/s
  torch sdpa bfloat16 fwd      59.3217 ms   356.03 TFLOP/s
  speedup vs bf16 SDPA: fwd 1.16x

[profile B=8 H=1 N=71808 D=128 seed=0]
  benchmark protocol: uniform[-1,1], fp8 groups=1, sdpa groups=1, warmup=20, iters=15, cooldown=0.20s, mode=fwd-only, hbm SOL=4814 GB/s
  quant Q token                  0.0974 ms   3796.5 GB/s   78.9% SOL
  quant K token                  0.0972 ms   3805.2 GB/s   79.0% SOL
  quant V channel                0.3224 ms   1140.3 GB/s   23.7% SOL
  fp8 attention fwd            51.1119 ms   413.22 TFLOP/s
  torch sdpa bfloat16 fwd      59.5938 ms   354.41 TFLOP/s
  speedup vs bf16 SDPA: fwd 1.17x

[profile B=1 H=2 N=144000 D=128 seed=0]
  benchmark protocol: uniform[-1,1], fp8 groups=1, sdpa groups=1, warmup=20, iters=15, cooldown=0.20s, mode=fwd-only, hbm SOL=4814 GB/s
  quant Q token                  0.0507 ms   3658.8 GB/s   76.0% SOL
  quant K token                  0.0504 ms   3680.0 GB/s   76.4% SOL
  quant V channel                0.1661 ms   1109.8 GB/s   23.1% SOL
  fp8 attention fwd            52.9351 ms   401.13 TFLOP/s
  torch sdpa bfloat16 fwd      61.8393 ms   343.37 TFLOP/s
  speedup vs bf16 SDPA: fwd 1.17x

[profile B=2 H=2 N=144000 D=128 seed=0]
  benchmark protocol: uniform[-1,1], fp8 groups=1, sdpa groups=1, warmup=20, iters=15, cooldown=0.20s, mode=fwd-only, hbm SOL=4814 GB/s
  quant Q token                  0.0977 ms   3797.9 GB/s   78.9% SOL
  quant K token                  0.0974 ms   3809.4 GB/s   79.1% SOL
  quant V channel                0.3229 ms   1141.5 GB/s   23.7% SOL
  fp8 attention fwd            104.5685 ms   406.12 TFLOP/s
  torch sdpa bfloat16 fwd      122.1677 ms   347.61 TFLOP/s
  speedup vs bf16 SDPA: fwd 1.17x

[profile B=4 H=1 N=144000 D=128 seed=0]
  benchmark protocol: uniform[-1,1], fp8 groups=1, sdpa groups=1, warmup=20, iters=15, cooldown=0.20s, mode=fwd-only, hbm SOL=4814 GB/s
  quant Q token                  0.0975 ms   3806.3 GB/s   79.1% SOL
  quant K token                  0.0973 ms   3811.8 GB/s   79.2% SOL
  quant V channel                0.3232 ms   1140.5 GB/s   23.7% SOL
  fp8 attention fwd            104.6812 ms   405.68 TFLOP/s
  torch sdpa bfloat16 fwd      122.4716 ms   346.75 TFLOP/s
  speedup vs bf16 SDPA: fwd 1.17x

[profile B=8 H=1 N=144000 D=128 seed=0]
  benchmark protocol: uniform[-1,1], fp8 groups=1, sdpa groups=1, warmup=20, iters=15, cooldown=0.20s, mode=fwd-only, hbm SOL=4814 GB/s
  quant Q token                  0.1913 ms   3878.9 GB/s   80.6% SOL
  quant K token                  0.1910 ms   3883.6 GB/s   80.7% SOL
  quant V channel                0.5138 ms   1434.9 GB/s   29.8% SOL
  fp8 attention fwd            210.6975 ms   403.11 TFLOP/s
  torch sdpa bfloat16 fwd      240.6066 ms   353.00 TFLOP/s
  speedup vs bf16 SDPA: fwd 1.14x

[profile B=1 H=1 N=162048 D=128 seed=0]
  benchmark protocol: uniform[-1,1], fp8 groups=2, sdpa groups=2, warmup=20, iters=15, cooldown=0.20s, mode=fwd-only, hbm SOL=4814 GB/s
  quant Q token                  0.0301 ms   3468.9 GB/s   72.1% SOL
  quant K token                  0.0300 ms   3476.8 GB/s   72.2% SOL
  quant V channel                0.1513 ms    685.4 GB/s   14.2% SOL
  fp8 attention fwd            34.5923 ms   388.67 TFLOP/s
  torch sdpa bfloat16 fwd      39.4740 ms   340.60 TFLOP/s
  speedup vs bf16 SDPA: fwd 1.14x

[profile B=2 H=1 N=162048 D=128 seed=0]
  benchmark protocol: uniform[-1,1], fp8 groups=1, sdpa groups=1, warmup=20, iters=15, cooldown=0.20s, mode=fwd-only, hbm SOL=4814 GB/s
  quant Q token                  0.0564 ms   3698.1 GB/s   76.8% SOL
  quant K token                  0.0562 ms   3711.4 GB/s   77.1% SOL
  quant V channel                0.1760 ms   1178.5 GB/s   24.5% SOL
  fp8 attention fwd            65.8828 ms   408.15 TFLOP/s
  torch sdpa bfloat16 fwd      78.1231 ms   344.20 TFLOP/s
  speedup vs bf16 SDPA: fwd 1.19x

[profile B=4 H=1 N=162048 D=128 seed=0]
  benchmark protocol: uniform[-1,1], fp8 groups=1, sdpa groups=1, warmup=20, iters=15, cooldown=0.20s, mode=fwd-only, hbm SOL=4814 GB/s
  quant Q token                  0.1096 ms   3810.4 GB/s   79.1% SOL
  quant K token                  0.1093 ms   3820.5 GB/s   79.4% SOL
  quant V channel                0.3363 ms   1233.5 GB/s   25.6% SOL
  fp8 attention fwd            133.4295 ms   403.06 TFLOP/s
  torch sdpa bfloat16 fwd      152.9407 ms   351.64 TFLOP/s
  speedup vs bf16 SDPA: fwd 1.15x

[profile B=8 H=1 N=162048 D=128 seed=0]
  benchmark protocol: uniform[-1,1], fp8 groups=1, sdpa groups=1, warmup=20, iters=15, cooldown=0.20s, mode=fwd-only, hbm SOL=4814 GB/s
  quant Q token                  0.2150 ms   3882.2 GB/s   80.6% SOL
  quant K token                  0.2141 ms   3900.1 GB/s   81.0% SOL
  quant V channel                0.5393 ms   1538.4 GB/s   32.0% SOL
  fp8 attention fwd            267.3489 ms   402.32 TFLOP/s
  torch sdpa bfloat16 fwd      302.8938 ms   355.11 TFLOP/s
  speedup vs bf16 SDPA: fwd 1.13x

[profile B=1 H=1 N=323712 D=128 seed=0]
  benchmark protocol: uniform[-1,1], fp8 groups=1, sdpa groups=1, warmup=20, iters=15, cooldown=0.20s, mode=fwd-only, hbm SOL=4814 GB/s
  quant Q token                  0.0565 ms   3686.7 GB/s   76.6% SOL
  quant K token                  0.0561 ms   3717.0 GB/s   77.2% SOL
  quant V channel                0.1762 ms   1175.9 GB/s   24.4% SOL
  fp8 attention fwd            135.0710 ms   397.21 TFLOP/s
  torch sdpa bfloat16 fwd      155.3509 ms   345.36 TFLOP/s
  speedup vs bf16 SDPA: fwd 1.15x

[profile B=2 H=1 N=323712 D=128 seed=0]
  benchmark protocol: uniform[-1,1], fp8 groups=1, sdpa groups=1, warmup=20, iters=15, cooldown=0.20s, mode=fwd-only, hbm SOL=4814 GB/s
  quant Q token                  0.1094 ms   3812.4 GB/s   79.2% SOL
  quant K token                  0.1090 ms   3824.1 GB/s   79.4% SOL
  quant V channel                0.3369 ms   1229.9 GB/s   25.5% SOL
  fp8 attention fwd            274.7952 ms   390.49 TFLOP/s
  torch sdpa bfloat16 fwd      305.5865 ms   351.14 TFLOP/s
  speedup vs bf16 SDPA: fwd 1.11x

[profile B=4 H=1 N=323712 D=128 seed=0]
  benchmark protocol: uniform[-1,1], fp8 groups=1, sdpa groups=1, warmup=20, iters=15, cooldown=0.20s, mode=fwd-only, hbm SOL=4814 GB/s
  quant Q token                  0.2146 ms   3884.9 GB/s   80.7% SOL
  quant K token                  0.2145 ms   3888.1 GB/s   80.8% SOL
  quant V channel                0.5394 ms   1536.4 GB/s   31.9% SOL
  fp8 attention fwd            553.8938 ms   387.45 TFLOP/s
  torch sdpa bfloat16 fwd      605.9104 ms   354.19 TFLOP/s
  speedup vs bf16 SDPA: fwd 1.09x
